  1/98 Rancho Cinco Estrella                  297.8 min
  2/98 Bass & Hays Ranch                      329.6 min
  3/98 Frances Creek Ranch                    335.4 min
  4/98 Exotic Hills Ranch                     338.0 min
  5/98 Canyon Breeze Estate                   317.2 min
  6/98 Bullhead Creek Ranch                   356.9 min
  7/98 Camp Verde Escape                      262.0 min
  8/98 West River Ranch                       262.2 min
  9/98 Moffett Ridge Ranch                    257.3 min
 10/98 Vista Madrone Ranch                    291.2 min
 11/98 Verde Creek Ranch (China St)           250.7 min
 12/98 Blue Wildebeest Ranch                  281.3 min
 13/98 Latham 1222 Ranch                      323.9 min
 14/98 Bucket List Ranch                      410.3 min
 15/98 JA Canyon                              366.1 min
 16/98 High Lonesome Ranch                    358.6 min
 17/98 The H & H Ranch                        449.1 min
 18/98 Westpoint Ranch                        327.7 min
 19/98 M & I Ranch                            404.9 min
 20/98 Double D Ranch (KC 24)                 330.3 min
 21/98 Junction Hunting Ranch                 333.3 min
 22/98 189 ac Kimble County (KC 3721)         338.2 min
 23/98 Bois D" Arc Ranch                      357.0 min
 24/98 Duncan River Ranch                     346.0 min
 25/98 Oak Ridge Ranch                        349.8 min
 26/98 Flying MMM on the Llano                321.1 min
 27/98 Ondine Ranch                           253.7 min
 28/98 Mt. Tremont Ranch                      288.8 min
 29/98 Lake View Canyon Ranch                 238.3 min
 30/98 Bohnert River Ranch                    244.5 min
 31/98 Palmetto Creek Ranch                   252.6 min
 32/98 Cottonwood Creek Ranch                 215.0 min
 33/98 Valley View Ranch                      212.4 min
 34/98 Circle A Ranch                         278.6 min
 35/98 Barker-Rogers Ranch                    282.6 min
 36/98 Adobe Springs Ranch                    273.5 min
 37/98 Double Trouble Ranch                   295.5 min
 38/98 Doe Trail Property                     297.8 min
 39/98 Triple 4"s Ranch                       349.8 min
 40/98 TECABOCA                               280.0 min
 41/98 138 ac Crosswater Ranch                259.0 min
 42/98 165 ac River House Ranch               276.4 min
 43/98 North Ranch                            289.1 min
 44/98 33 ac Cross Gate Ranch                 261.0 min
 45/98 1456 ac Swiss Alps Ranch               343.6 min
 46/98 Marler Creek Ranch                     296.8 min
 47/98 334 Acres Kyle Ranch Road              301.0 min
 48/98 Koteras Ranch (150 ac)                 224.0 min
 49/98 1029 ac Keeney Ranch                   297.9 min
 50/98 Silver Creek Ranch                     255.4 min
 51/98 99 ac Axis Band Ranch                  349.6 min
 52/98 Evans Creek Ranch                      317.1 min
 53/98 Upper Fall Creek Ranch                 274.6 min
 54/98 The Falls at Mill Creek                288.6 min
 55/98 Turtle Creek Estate                    278.2 min
 56/98 J Bar River Ranch (45 ac)              297.1 min
 57/98 Eagle Ridge Ranch                      265.3 min
 58/98 J Bar River Ranch (260 ac)             297.1 min
 59/98 Flying M Ranch                         279.1 min
 60/98 207 ac Burnet (CR 963)                 215.0 min
 61/98 Eagles Summit Ranch                    345.5 min
 62/98 Seco Creek Secret                      269.2 min
 63/98 D Bar D Ranch                          210.6 min
 64/98 709 Ranch (1972 Clover Ln)             343.4 min
 65/98 Spring Hill Ranch (Utopia)             302.7 min
 66/98 Riske Ranch                            241.8 min
 67/98 Well Rock Ranch                        364.5 min
 68/98 #318 F5 North Ranch                    387.2 min
 69/98 331 ac with CR 310 frontage            407.2 min
 70/98 J-J Ranch                              301.2 min
 71/98 Seco Creek Ranch (42 ac)               269.4 min
 72/98 75.86 ac on Cedar Creek                315.5 min
 73/98 41.3 ac on the Main Llano (The Back Fo 326.6 min
 74/98 Flying S 189 Ranch                     240.3 min
 75/98 1956 Bourbon St (Three Crosses Ranch)  328.0 min
 76/98 Cielo Grande Ranch                     297.3 min
 77/98 82 ac on the Main Llano (Yates area)   336.0 min
 78/98 East View Ranch                        283.9 min
 79/98 Farmhouse Hill Estate                  229.8 min
 80/98 62-Acre Ranch, Rio Medina              233.6 min
 81/98 Hilltop Ranch (Mason Mountain)         302.9 min
 82/98 Dos Robles Ranch                       324.8 min
 83/98 Red Creek Ranch                        335.5 min
 84/98 Elk Mountain Ranch                     387.7 min
 85/98 Lonestar Legacy Ranch                  378.8 min
 86/98 Exotic Oak Ranch                       287.0 min
 87/98 Noxville Creek Ranch                   281.0 min
 88/98 Brunkenhoefer Springs Ranch            325.2 min
 89/98 Miller Creek Ranch                     349.4 min
 90/98 Mayfield Ranch                         325.9 min
 91/98 Nueces Springs Ranch                   329.6 min
 92/98 Turner Ranch                           327.1 min
 93/98 #1030 Big L Ranch                      376.4 min
 94/98 J Vann Jones Ranch                     236.0 min
 95/98 214 Acres Edwards County (Pannell)     396.8 min
 96/98 146.89 Acres FM 2657 / CR 220 (Oakalla 232.8 min
 97/98 Young Ranch                            310.5 min
 98/98 Verde Creek Ranch                      259.0 min
done: 98 routed, 0 failed
