  1/98 200  Rancho Cinco Estrella                
  2/98 403  Bass & Hays Ranch                    http 403; thin page
  3/98 200  Frances Creek Ranch                  redirected; dead/sold words near top
  4/98 200  Exotic Hills Ranch                   
  5/98 218  Canyon Breeze Estate                 http 218
  6/98 200  Bullhead Creek Ranch                 
  7/98 200  Camp Verde Escape                    dead/sold words near top
  8/98 200  West River Ranch                     
  9/98 200  Moffett Ridge Ranch                  
 10/98 200  Vista Madrone Ranch                  dead/sold words near top
 11/98 200  Verde Creek Ranch (China St)         
 12/98 200  Blue Wildebeest Ranch                dead/sold words near top
 13/98 200  Latham 1222 Ranch                    dead/sold words near top
 14/98 200  Bucket List Ranch                    
 15/98 200  JA Canyon                            
 16/98 200  High Lonesome Ranch                  
 17/98 200  The H & H Ranch                      thin page
 18/98 200  Westpoint Ranch                      
 19/98 200  M & I Ranch                          
 20/98 200  Double D Ranch (KC 24)               dead/sold words near top
 21/98 200  Junction Hunting Ranch               
 22/98 200  189 ac Kimble County (KC 3721)       dead/sold words near top
 23/98 200  Bois D' Arc Ranch                    dead/sold words near top
 24/98 200  Duncan River Ranch                   dead/sold words near top
 25/98 200  Oak Ridge Ranch                      
 26/98 200  Flying MMM on the Llano              dead/sold words near top
 27/98 200  Ondine Ranch                         
 28/98 200  Mt. Tremont Ranch                    dead/sold words near top
 29/98 200  Lake View Canyon Ranch               dead/sold words near top
 30/98 200  Bohnert River Ranch                  dead/sold words near top
 31/98 200  Palmetto Creek Ranch                 dead/sold words near top
 32/98 403  Cottonwood Creek Ranch               http 403; thin page
 33/98 200  Valley View Ranch                    
 34/98 200  Circle A Ranch                       dead/sold words near top
 35/98 200  Barker-Rogers Ranch                  dead/sold words near top
 36/98 200  Adobe Springs Ranch                  dead/sold words near top
 37/98 200  Double Trouble Ranch                 
 38/98 200  Doe Trail Property                   redirected; thin page
 39/98 200  Triple 4's Ranch                     
 40/98 200  TECABOCA                             redirected; dead/sold words near top
 41/98 200  138 ac Crosswater Ranch              
 42/98 200  165 ac River House Ranch             
 43/98 200  North Ranch                          dead/sold words near top
 44/98 200  33 ac Cross Gate Ranch               
 45/98 200  1456 ac Swiss Alps Ranch             
 46/98 200  Marler Creek Ranch                   
 47/98 200  334 Acres Kyle Ranch Road            
 48/98 200  Koteras Ranch (150 ac)               dead/sold words near top
 49/98 200  1029 ac Keeney Ranch                 
 50/98 200  Silver Creek Ranch                   dead/sold words near top
 51/98 200  99 ac Axis Band Ranch                
 52/98 200  Evans Creek Ranch                    dead/sold words near top
 53/98 200  Upper Fall Creek Ranch               dead/sold words near top
 54/98 200  The Falls at Mill Creek              
 55/98 200  Turtle Creek Estate                  
 56/98 200  J Bar River Ranch (45 ac)            dead/sold words near top
 57/98 200  Eagle Ridge Ranch                    
 58/98 200  J Bar River Ranch (260 ac)           dead/sold words near top
 59/98 200  Flying M Ranch                       dead/sold words near top
 60/98 200  207 ac Burnet (CR 963)               redirected
 61/98 200  Eagles Summit Ranch                  redirected; dead/sold words near top
 62/98 200  Seco Creek Secret                    
 63/98 200  D Bar D Ranch                        redirected
 64/98 200  709 Ranch (1972 Clover Ln)           dead/sold words near top
 65/98 200  Spring Hill Ranch (Utopia)           
 66/98 200  Riske Ranch                          dead/sold words near top
 67/98 200  Well Rock Ranch                      dead/sold words near top
 68/98 200  #318 F5 North Ranch                  
 69/98 200  331 ac with CR 310 frontage          
 70/98 200  J-J Ranch                            
 71/98 200  Seco Creek Ranch (42 ac)             dead/sold words near top
 72/98 200  75.86 ac on Cedar Creek              
 73/98 200  41.3 ac on the Main Llano (The Back  
 74/98 ERR  Flying S 189 Ranch                   HTTPSConnectionPool(host='www.txranchbrokers.com', port=443): Max retries exceeded with url: /proper
 75/98 218  1956 Bourbon St (Three Crosses Ranch http 218
 76/98 200  Cielo Grande Ranch                   
 77/98 200  82 ac on the Main Llano (Yates area) 
 78/98 200  East View Ranch                      
 79/98 200  Farmhouse Hill Estate                
 80/98 200  62-Acre Ranch, Rio Medina            
 81/98 ERR  Hilltop Ranch (Mason Mountain)       HTTPSConnectionPool(host='www.southernranchsales.com', port=443): Max retries exceeded with url: /li
 82/98 200  Dos Robles Ranch                     dead/sold words near top
 83/98 200  Red Creek Ranch                      
 84/98 200  Elk Mountain Ranch                   
 85/98 200  Lonestar Legacy Ranch                
 86/98 200  Exotic Oak Ranch                     
 87/98 200  Noxville Creek Ranch                 
 88/98 200  Brunkenhoefer Springs Ranch          dead/sold words near top
 89/98 200  Miller Creek Ranch                   dead/sold words near top
 90/98 200  Mayfield Ranch                       
 91/98 200  Nueces Springs Ranch                 dead/sold words near top
 92/98 200  Turner Ranch                         
 93/98 200  #1030 Big L Ranch                    
 94/98 ERR  J Vann Jones Ranch                   HTTPSConnectionPool(host='www.txranchbrokers.com', port=443): Max retries exceeded with url: /proper
 95/98 200  214 Acres Edwards County (Pannell)   dead/sold words near top
 96/98 404  146.89 Acres FM 2657 / CR 220 (Oakal http 404; title: Page not found - Shipley Ranches
 97/98 403  Young Ranch                          http 403
 98/98 200  Verde Creek Ranch                    dead/sold words near top
done: 98 checked, 50 flagged
